../Core/Inc/timer_utils.h:21:22:DWT_Init	4	static
../Core/Src/main.c:81:5:main	120	static
../Core/Src/main.c:160:6:SystemClock_Config	88	static
../Core/Src/main.c:207:13:MX_I2C1_Init	8	static
../Core/Src/main.c:241:13:MX_I2C2_Init	8	static
../Core/Src/main.c:275:13:MX_TIM1_Init	96	static
../Core/Src/main.c:358:13:MX_TIM3_Init	64	static
../Core/Src/main.c:425:13:MX_GPIO_Init	40	static
../Core/Src/main.c:463:6:HAL_TIM_PeriodElapsedCallback	16	static
../Core/Src/main.c:480:6:Error_Handler	4	static,ignoring_inline_asm
