../Core/Inc/timer_utils.h:21:22:DWT_Init	4	static
../Core/Src/main.c:78:5:main	128	static
../Core/Src/main.c:152:6:SystemClock_Config	88	static
../Core/Src/main.c:199:13:MX_I2C1_Init	8	static
../Core/Src/main.c:233:13:MX_I2C2_Init	8	static
../Core/Src/main.c:267:13:MX_TIM1_Init	96	static
../Core/Src/main.c:350:13:MX_TIM3_Init	64	static
../Core/Src/main.c:417:13:MX_GPIO_Init	40	static
../Core/Src/main.c:455:6:HAL_TIM_PeriodElapsedCallback	16	static
../Core/Src/main.c:472:6:Error_Handler	4	static,ignoring_inline_asm
